// Jest Snapshot v1, https://goo.gl/fbAQLP

exports[`Copyright component renders correctly 1`] = `
Array [
  <nav
    className="navbar"
  />,
  <main
    className="copyright-main"
  >
    <header
      className="copyright-header"
    >
      <h1
        className="copyright-h1"
      >
        Copyright Â© What you Should Know
      </h1>
    </header>
    <p
      className="copyright-introduction"
    >
      The work you make is valuable to you. You, and the people you work with, spent a long time putting it together and coming up with the ideas that layed the foundations for your creation. Getting your work Copyrighted is not as complicated as some might think and provides you with the peace of mind that the work you create is attributed to you and your coworkers. The following sources provide information on what a Copyright is and how you can ensure your work is protected. This is not obligatory but it is recommended, so please have a read through these sources.
    </p>
    <p
      className="copyright-introduction-note"
    >
      If you think these sources could be expanded, please email suggestions to
       
      <a
        href="mailto:legal@cosript.co.uk"
      >
        legal@cosript.co.uk
      </a>
    </p>
    <div
      className="source-info-container"
    >
      <h2
        className="source-info-header"
      >
        Wiki-How
      </h2>
      <a
        href="https://www.wikihow.com/Copyright-Your-Writing-for-Free"
        rel="noopener noreferrer"
        target="_blank"
      >
        <img
          alt="wiki-how website landing page"
          className="source-link-img"
          src="copyright.PNG"
        />
      </a>
      <p
        className="source-info-description"
      >
        A simple and well laid out, step-by-step guide to understanding and putting in place a Copyright
         
        <a
          href="https://www.wikihow.com/Copyright-Your-Writing-for-Free"
          rel="noopener noreferrer"
          target="_blank"
        >
          https://www.wikihow.com/Copyright-Your-Writing-for-Free
        </a>
      </p>
    </div>
    <div
      className="source-info-container"
    >
      <h2
        className="source-info-header"
      >
        Wikipedia
      </h2>
      <a
        href="https://en.wikipedia.org/wiki/Copyright"
        rel="noopener noreferrer"
        target="_blank"
      >
        <img
          alt="wiki-how website landing page"
          className="source-link-img"
          src="copyright3.PNG"
        />
      </a>
      <p
        className="source-info-description"
      >
        In depth description of the history and purpose of Copyright, as well as coverage of legal enforcement, consequences of breaking Copyright and its limitations
         
        <a
          href="https://en.wikipedia.org/wiki/Copyright"
          rel="noopener noreferrer"
          target="_blank"
        >
          https://en.wikipedia.org/wiki/Copyright
        </a>
      </p>
    </div>
    <div
      className="source-info-container"
    >
      <h2
        className="source-info-header"
      >
        pw.org
      </h2>
      <a
        href="https://www.pw.org/content/copyright"
        rel="noopener noreferrer"
        target="_blank"
      >
        <img
          alt="pw.org website landing page"
          className="source-link-img"
          src="copyright2.PNG"
        />
      </a>
      <p
        className="source-info-description"
      >
        A coverage of how Copyright is implemented in the U.S. This may not be relevant to everyone reading this but the site contains many useful links and articles that could be helpful to new writers
         
        <a
          href="https://www.pw.org/content/copyright"
          rel="noopener noreferrer"
          target="_blank"
        >
          https://www.pw.org/content/copyright
        </a>
      </p>
    </div>
  </main>,
  <footer
    className="footer"
  >
    <h2
      className="footer-h2"
    >
      CoScript
    </h2>
    <div
      className="footer-container"
    >
      <div
        className="links-container socials"
      >
        <p>
          Socials
        </p>
        <div
          className="footer-links"
        >
          <a
            href="https://github.com/AndrewMacmillan87/coscript"
          >
            GitHub
          </a>
          <a
            href="/"
          >
            Twitter
          </a>
          <a
            href="/"
          >
            Facebook
          </a>
        </div>
      </div>
      <div
        className="links-container site-map"
      >
        <p>
          Site Map
        </p>
      </div>
      <div
        className="links-container legals"
      >
        <p>
          Legal
        </p>
        <div
          className="footer-links"
        >
          <a
            href="/terms"
          >
            Terms and Conditions
          </a>
          <a
            href="/copyright"
          >
            Copyright Info
          </a>
          <a
            href="/agreement"
          >
            Writers Agreements
          </a>
          <a
            href="/"
          >
            Accreditation
          </a>
        </div>
      </div>
    </div>
  </footer>,
]
`;
