// Jest Snapshot v1, https://goo.gl/fbAQLP

exports[`Button component renders correctly 1`] = `
<button
  type="button"
>
  <span
    className="btn-text"
  >
    <b />
  </span>
</button>
`;
