// Jest Snapshot v1, https://goo.gl/fbAQLP

exports[`SidePanel component renders correctly 1`] = `null`;
